-2.624276527000001025e+00 1.377703426391080344e+00 -1.181991055147600970e-03
-2.615054791999999129e+00 1.374081520202568019e+00 5.546832218610493227e-04
-2.623814631000000563e+00 1.380021292625703611e+00 1.360160451591002888e-03
